version https://git-lfs.github.com/spec/v1
oid sha256:bdb3479f9c56c2c8bd06edcb24dad3132ac49fe79d49e0b0444d4d1e034f51e4
size 6
