version https://git-lfs.github.com/spec/v1
oid sha256:18c52269c5ca5001950d76d72d84d84f1985283dc4e19b8d659b57d2d27b157e
size 5
