version https://git-lfs.github.com/spec/v1
oid sha256:69d3ac8770361df42a7605c9e1746d12fce0b6dea530652257a140df6bc27f22
size 6
