version https://git-lfs.github.com/spec/v1
oid sha256:32824eb2396db37c69b873b843562f816933c8b2399462df7e40e2b6924651af
size 11
