version https://git-lfs.github.com/spec/v1
oid sha256:90999b9c82ad56b828615ec4192b062a6374e28ea696639cdca7523e643bff67
size 12
