1 allyallosaurus igoriguanodon
2 n/a
3 pennypterodactyl
4 n/a
5 rickyraptor
