version https://git-lfs.github.com/spec/v1
oid sha256:2735d0823be7adb42e16154988b6d1cc3e3a4652e22f88ff2cc8744b9a006e0c
size 3
