version https://git-lfs.github.com/spec/v1
oid sha256:6bdf6e37dc327165fa4db779b911b98b6eba38852a9cd4a97cdd6be810a88357
size 8
