version https://git-lfs.github.com/spec/v1
oid sha256:4f158447abd8194e1157c409c9dba96ac18cfc197070d652a3f1c0b0b2b8f767
size 297814
