85 90 95 100 266.17
75 95 100 100 297.81
85 90 95 100 240.92
85 90 95 100 247.60
85 90 95 100 209.86
