85 90 95 100 265.6
80 95 95 100 297.1
85 90 95 100 240.4
85 90 95 100 247.1
85 90 95 100 209.4
