85 75 75 100 1989.3
80 95 95 100 3285.7
80 90 100 100 2197.0
90 90 100 100 2629.6
