75 90 95 100 299.26
90 95 100 100 296.66
90 95 85 100 290.65
