version https://git-lfs.github.com/spec/v1
oid sha256:2d986fd3f3fddbf74ebbf12422f9bb97d80f87b54efe48a3878eab7bad5305c3
size 41626
