version https://git-lfs.github.com/spec/v1
oid sha256:57188e0a284462b9a4ef84f8cddc219251caf0704774babf27031cc4d619c41d
size 356417
