version https://git-lfs.github.com/spec/v1
oid sha256:b995ada5a59f74e309ee06408ec5616a2c845e8420940eececb88807324d9ead
size 356516
