version https://git-lfs.github.com/spec/v1
oid sha256:924328e2262a9f047854938a68304eecc9c7a0d88507fa75693d3e05efa5eeaa
size 356362
