version https://git-lfs.github.com/spec/v1
oid sha256:bf0985939ea2fa094f0583001abc989a121f746ccf5585676fd7985e8db6e731
size 356457
