version https://git-lfs.github.com/spec/v1
oid sha256:aa353664dd9df1c3f7e904e3bbfcfa4a10f9f2e7c03196df061d1fb5cf8e8146
size 356551
