version https://git-lfs.github.com/spec/v1
oid sha256:63047fa41b0644244a1a19a6ee5f97775dfd6c4b0f995bbc627e1023cc3653d8
size 356366
