428202
0
61
134
135
235
281
367
457
506
592
678
768
860
861
959
1034
1128
1225
1297
1390
1474
1523
1613
1713
1774
1847
1947
2035
2134
2210
2309
2402
2491
2550
2641
2716
2815
2911
2991
3076
3172
3270
3363
3459
3552
3651
3736
3830
3922
4012
4101
4201
4278
4377
4464
4563
4659
4745
4824
4916
5015
5112
5201
5282
5375
5469
5558
5645
5735
5826
5908
6002
6072
6164
6241
6328
6428
6504
6578
6674
6773
6868
6956
7046
7137
7224
7315
7392
7478