3179006
0
41
102
168
167
182
219
220
302
393
482
526
599
660
751
849
949
987
1078
1077
1105
1174
1261
1360
1456
1524
1566
1633
1732
1824
1882
1964
2049
2109
2178
2277
2330
2416
2487
2522
2594
2651
2717
2791
2831
2896
2977
3068
3069
3135
3206
3265
3351
3426
3525
3607
3608
3689
3688
3786
3878
3963
4047
4106
4105
4184
4258
4302
4401
4400
4487
4551
4627
4725
4804
4862
4913
4988
5052
5141
5236
5321
5322
5379
5456
5513
5573
5648
5744
5764
5819
5919
5979
6045
6127
6162
6254
6337
6371
6435
6514