3429470
0
41
42
110
204
294
391
392
482
539
629
712
766
859
952
1042
1110
1190
1282
1359
1425
1523
1619
1689
1781
1859
1938
1989
2065
2154
2234
2315
2393
2485
2565
2654
2742
2842
2910
3004
3099
3195
3273
3372
3459
3554
3596
3657
3732
3821
3916
4014
4068
4148
4247
4336
4424
4509
4602
4698
4792
4827
4919
4997
5071
5118
5211
5311
5387
5456
5550
5640
5739
5795
5882
5949
6046
6146
6239
6318
6386
6457
6548
6638
6714
6797
6849
6945
7041
7141
7236
7309
7404
7494
7575
7647
7742
7823
7895
7978
8077
8144
8235
8314
8397
8478
8571
8633