2289053
0
1
55
146
241
286
334
363
448
525
566
651
732
811
901
963
1056
1141
1228
1315
1410
1495
1590
1689
1773
1864
1951
2047
2112
2193
2243
2343
2425
2524
2608
2690
2787
2858
2929
3020
3075
3173
3266
3352
3442
3507
3607
3699
3795
3893
3974
4069
4136
4221
4319
4414
4483
4581
4663
4731
4829
4925
5011
5077
5170
5242
5320
5419
5517
5606
5704
5804
5862
5944
6041
6136
6203
6297
6392
6487
6558
6640
6738
6838
6927
7016
7110
7196
7269
7368
7458
7539
7625
7721
7816
7889
7971
8058
8158
8247
8346
8438
8530