32529
0
18
17
117
186
285
354
424
513
594
624
690
767
865
944
1014
1091
1184
1272
1368
1415
1469
1565
1644
1732
1822
1913
1972
2071
2143
2233
2282
2361
2424
2491
2568
2659
2734
2829
2920
2993
3089
3178
3267
3329
3416
3501
3564
3650
3724
3816
3916
4004
4068
4140
4228
4279
4362
4461
4539