4125
0
7
97
155
132
210
281
345
444
538
537
630
727
820
919
968
1055
1117
1184
1275
1365
1412
1494
1589
1677
1767
1865
1924
2022
2094
2165
2241
2281
2377
2449
2548
2640
2729
2792