1112872
0
95
112
194
193
192
268
366
360
374
456
455
530
621
620
692
749
825
905
997
1079
1176
1177
1178
1243
1244
1306
1386
1387
1445
1515
1573
1646
1645
1726
1804
1899
1933
2023
2085
2154
2191
2258
2331
2375
2376
2454
2529
2528
2539
2620
2720
2719
2801
2901
2925
2989
2990
3076
3144
3212
3281
3362
3361
3461
3553
3552
3551
3634
3733
3813
3812
3905
3904
3998
3999
4078
4168
4235
4234
4330
4328
4409
4494
4525
4526
4556
4555
4632
4714
4813
4889
4962