300376
0
1
2
3
103
143
202
267
298
383
470
540
636
656
728
820
912
996
1072
1170
1263
1325
1421
1506
1604
1684
1776
1852
1945
2020
2088
2179
2272
2365
2464
2552
2633
2729
2826
2926
3018
3085
3179
3234
3334
3393
3489
3555
3637
3721
3809
3901
3987
4065
4119
4212
4297
4385
4482
4548
4643
4696
4770
4865
4927
5026
5122
5185
5251
5331
5419
5491
5589
5687
5766
5854
5931
6028
6111
6204
6276