474869
0
64
144
185
270
333
415
438
439
515
516
602
672
772
851
915
1015
1075
1168
1267
1326
1421
1501
1579
1665
1761
1860
1935
2024
2121
2221
2303
2380
2445
2542
2642
2728
2818
2897
2993
3068
3163
3257
3352
3452
3551
3651
3748
3843
3933
4018
4114
4213
4250
4348
4426
4525
4599
4689
4786
4883
4977
5074
5165
5238
5314
5411
5508
5574
5674
5766
5856
5945
6041
6138
6215
6315
6407
6494
6558
6656
6752
6851
6933
7030
7116
7204
7288
7381
7458
7556
7648