36251
0
1
2
97
187
247
238
245
344
406
506
604
650
742
837
911
1005
1081
1170
1264
1363
1413
1507
1606
1705
1782
1873
1954
2042
2137
2213
2305
2385
2449
2549
2645
2738
2809
2906
2985
3061
3157
3250
3338
3416
3515
3608
3695
3780
3880
3976
4076
4173
4273
4368
4460
4532
4623
4718
4809
4904
5004
5093
5181
5271