1641465
0
99
100
155
186
274
372
448
449
544
595
688
779
874
875
970
971
1060
1149
1223
1281
1334
1434
1518
1577
1578
1678
1760
1810
1811
1888
1926
2022
2023
2120
2202
2281
2381
2443
2451
2532
2531
2615
2710
2778
2855
2955
3022
3090
3186
3260
3308
3365
3366
3367
3425
3469
3561
3654
3735
3736
3836
3909
3992
4087
4154
4239
4238
4338
4405
4480
4577
4644
4686
4757
4767
4849
4946
4990
5053
5132
5207
5250
5249
5323
5419
5501
5589
5681
5689
5769
5852
5835
5911
5995
6091