279
0
12
67
38
127
126
214
213
277
368
453
487
554
630
725
804
903
991
1090
1145
1231
1320
1326