183
0
80
35
101
106
204
287
384
460
559
585
626
708
777
811