492453
0
27
70
160
161
190
225
309
333
428
517
606
607
680
774
872
873
970
1052
1144
1233
1324
1398
1490
1578
1657
1752
1846
1938
2015
2016
2112
2172
2249
2331
2368
2453
2550
2649
2702
2802
2887
2976
3029
3073
3161
3222
3274
3374
3469
3556
3655
3709
3807
3855
3938
3993
4091
4167
4243
4320
4418
4475
4551
4618
4714
4791
4886
4979
5047
5140
5141
5231
5325
5395
5471
5567
5601
5694
5787
5884
5973
6060
6121
6186
6261