525
0
62
123
221
277
362
458
538
604
670
707
795
855
900
992
1062
1111
1207
1283
1329
1419
1504
1598
1615