11552
0
59
119
211
209
303
388
415
514
606
692
775
828
927
1004
1085
1159
1228
1327
1415
1514
1561
1652
1752
1847
1934
2034
2118
2216
2315
2412
2500
2577
2673
2773
2855
2943
3025
3104
3192
3284
3370
3466
3563
3641
3727
3813
3894
3968
4068
4161
4240