103302
0
66
86
146
89
167
194
285
288
331
429
502
550
614
694
745
839
937
938
1020
1081
1169
1255
1326
1411
1505
1579
1659
1759
1826
1917
2014
2114
2199
2277
2369
2455
2550
2641
2723
2822
2922
3000
3097
3193
3266
3359
3452
3548
3647
3727
3818
3911
4010
4100
4187
4287
4384
4477
4571
4669
4753
4853
4951
5044
5122
5210
5309
5397
5490
5586
5679
5771
5857
5953
6047
6126
6217
6299