20421266
0
16
25
93
161
205
298
299
335
426
452
492
582
677
747
827
890
976
977
1023
1100
1196
1294
1356
1441
1515
1598
1698
1772
1860
1892
1891
1991
2059
2139
2227
2322
2365
2464
2463
2535
2610
2685
2761
2796
2868
2942
2941
2995
3083
3164
3255
3349
3348
3397
3471
3568
3659
3645
3745
3825
3902
3986
4045
4145
4194
4240
4321
4322
4415
4498
4591
4657
4710
4801
4896
4967
4966
5044
5120
5218
5219
5312
5337
5432
5518
5558
5633
5695
5782
5878
5879
5949
6049
6131
6192
6259
6319
6387
6461
6556
6620
6707
6706
6767
6863
6945
6991
7085
7157
7232
7322
7323
7423
7488
7530
7628
7668
7688
7776
7849
7945
7972
8039