277479
0
50
77
78
176
263
343
439
446
473
566
640
639
708
794
894
958
1056
1055
1102
1170
1267
1338
1432
1497
1544
1622
1719
1809
1903
1979
2073
2163
2256
2339
2437
2536
2619
2634
2733
2826
2923
3004
3066
3165
3260
3359
3435
3523
3618
3631
3731
3830
3920
4018
4116
4216
4261
4342
4430
4530
4623
4717
4815
4913
5013
5100
5190
5286
5383
5478
5510
5610
5670
5759
5853
5937
6034
6131
6209
6303
6366
6444
6540
6624
6716
6795