2279
0
1
2
3
84
118
203
202
272
339
439
491
580
632
689
765
865
895
983
1021
1110
1111
1163
1246
1340
1405
1496
1591