hsUGA
NoTMs
HjGSI
xiMlq
tNJPg
nqVRS
JxuDo
epnYi
WSSyh
PUjZC
csCSY
AKmVP
TbfYr
DTtth
KSpMZ
vixfN
LCpVa
fYASz
woIGB
PzYjP
groOB
wtfTI
fjAcx
nvJNj
tIZxE
CWQCm
asKqC
TFDNW