myMgm
enFfX
IdIRu
zmOlY
nUVUf
QvtvW
YRHwI
uPCOG
Jqquy
gQrgo
Wtiio
ozyEe
fxdYm
BLUjA
TtbYG
UrDuH
pHehA
rUGyx
rgzwR
QqlXH
NojGj
tfGyY
IrXPJ
zUPHJ
XZsmG
AkBVn
sYgsj
YOkco
EgPXX
YFmuo
WkYfA
DYqRy
IBsRD
NLZlF
NDVpK
cPrTk
ITNfG
pWbwE
aiOZc
KImZT
HmZUR
qAxqj
iblDR
Fcwpz
TzMrq
tqJtM
aTZrO
tKJjs