hcZdS
EqcRn
cUjfF
PcMJi
oNbpw
gzSSb
IKuuX
uMxws
poytA
otmCQ
KZuaB
XMNzH
bCqUX
fUVad
CTqfj
