dKjgR
mbVLh
aUSPO
lRXBi
ksPKP
xfGmm
qkDAw
SrpUq
PRqRf
YKphP
fjSiy
exLxB
GOlps
