60W
69W
8W
46W
23W
86W
150W
18W
105W
117W
121W
108W
143W
93W
56W
142W
99W
73W
92W
79W
38W
32W
48W
30W
58W
49W
10W
41W
78W
44W
81W
57W
149W
124W
1W
104W
70W
47W
9W
71W
29W
125W
113W
3W
138W
85W
122W
139W
107W
148W
67W
50W
83W
55W
11W
101W
87W
115W
19W
118W
6W
135W
134W
36W
126W
27W
82W
137W
109W
130W
14W
145W
37W
7W
17W
31W
59W
72W
65W
141W
74W
52W
84W
76W
34W
114W
133W
53W
94W
90W
120W
136W
88W
54W
96W
77W
12W
129W
45W
61W
66W
80W
2W
24W
26W
13W
89W
146W
144W
110W
5W
4W
62W
140W
103W
40W
112W
75W
147W
95W
39W
127W
97W
33W
131W
100W
68W
43W
63W
64W
51W
28W
119W
42W
20W
25W
106W
91W
35W
102W
132W
98W
15W
111W
22W
21W
116W
123W
128W
16W
