7
44796.937436
1
44313.920281
2
44014.282074
5
43502.072586
3
42645.702918
9
40600.108881
8
40452.578945
6
39704.334016
4
38684.033236
