5
38706.400100
4
37508.683418
2
36845.176212
3
36637.318090
6
36272.378111
1
36086.545094
