8
423.515162
7
414.765402
6
384.027050
1
370.481739
3
367.340074
2
366.634907
5
361.127022
4
360.444070
9
352.350519
